{
 "command": "start-judgement"
}
{
 "command": "start-tab",
 "title": "Afbeeldingen vergelijken"
}
{
 "command": "start-context"
}
{
 "command": "start-testcase",
 "description": {
  "description": "",
  "format": "python"
 }
}
{
 "command": "append-message",
 "message": {
  "description": "Error bij het uitvoeren van het oplossingsscript:\n    unterminated string literal (detected at line 2) (<solution>, line 2)",
  "format": "code"
 }
}
{
 "accepted": false,
 "command": "close-testcase"
}
{
 "accepted": false,
 "command": "close-context"
}
{
 "command": "close-tab"
}
{
 "accepted": false,
 "command": "close-judgement",
 "status": {
  "enum": "compilation error",
  "human": "Ongeldige query"
 }
}