{
 "command": "start-judgement"
}
{
 "command": "start-tab",
 "title": "Comparing PNGs"
}
{
 "command": "start-context"
}
{
 "command": "start-testcase",
 "description": {
  "description": "",
  "format": "python"
 }
}
{
 "command": "start-test",
 "description": {
  "description": "<div style=\"display:inline-block;width:50%;\"> <p style=\"padding:10px\">Submission:</p> <img alt=\"submission result\" style=\"width:98%;background-color:#fff\" src=\"data:image/svg+xml;base64,PHN2ZyBiYXNlUHJvZmlsZT0iZnVsbCIgaGVpZ2h0PSIxMHB4IiB2ZXJzaW9uPSIxLjEiIHdpZHRoPSIxMHB4IiB4bWxucz0iaHR0cDovL3d3dy53My5vcmcvMjAwMC9zdmciIHhtbG5zOmV2PSJodHRwOi8vd3d3LnczLm9yZy8yMDAxL3htbC1ldmVudHMiIHhtbG5zOnhsaW5rPSJodHRwOi8vd3d3LnczLm9yZy8xOTk5L3hsaW5rIj48ZGVmcz48Y2xpcFBhdGggaWQ9ImJvcmRlcl9jbGlwIj48cmVjdCBoZWlnaHQ9IjEwIiB3aWR0aD0iMTAiIHg9IjAiIHk9IjAiIC8+PC9jbGlwUGF0aD48L2RlZnM+PHBvbHlsaW5lIGNsaXAtcGF0aD0idXJsKCNib3JkZXJfY2xpcCkiIGZpbGw9Im5vbmUiIHBvaW50cz0iNS4wLDUuMCA1NS4wLDUuMCA1NS4wLC00NS4wIDUuMCwtNDUuMDAwMDAwMDAwMDAwMDEgNC45OTk5OTk5OTk5OTk5OTEsNC45OTk5OTk5OTk5OTk5OTMiIHN0cm9rZT0iYmxhY2siIHN0cm9rZS1saW5lY2FwPSJyb3VuZCIgc3Ryb2tlLXdpZHRoPSIxIiAvPjwvc3ZnPg==\" /> </div> <div style=\"display:inline-block;float:right;width:50%;\"> <p style=\"padding:10px\">Solution:</p> <img alt=\"solution result\" style=\"width:98%;background-color:#fff\" src=\"data:image/svg+xml;base64,PHN2ZyBiYXNlUHJvZmlsZT0iZnVsbCIgaGVpZ2h0PSIxMHB4IiB2ZXJzaW9uPSIxLjEiIHdpZHRoPSIxMHB4IiB4bWxucz0iaHR0cDovL3d3dy53My5vcmcvMjAwMC9zdmciIHhtbG5zOmV2PSJodHRwOi8vd3d3LnczLm9yZy8yMDAxL3htbC1ldmVudHMiIHhtbG5zOnhsaW5rPSJodHRwOi8vd3d3LnczLm9yZy8xOTk5L3hsaW5rIj48ZGVmcz48Y2xpcFBhdGggaWQ9ImJvcmRlcl9jbGlwIj48cmVjdCBoZWlnaHQ9IjEwIiB3aWR0aD0iMTAiIHg9IjAiIHk9IjAiIC8+PC9jbGlwUGF0aD48L2RlZnM+PHBvbHlsaW5lIGNsaXAtcGF0aD0idXJsKCNib3JkZXJfY2xpcCkiIGZpbGw9Im5vbmUiIHBvaW50cz0iNS4wLDUuMCA1NS4wLDUuMCA1NS4wLC00NS4wIDUuMCwtNDUuMDAwMDAwMDAwMDAwMDEgNC45OTk5OTk5OTk5OTk5OTEsNC45OTk5OTk5OTk5OTk5OTMiIHN0cm9rZT0iYmxhY2siIHN0cm9rZS1saW5lY2FwPSJyb3VuZCIgc3Ryb2tlLXdpZHRoPSIxIiAvPjwvc3ZnPg==\" /> </div>",
  "format": "html"
 },
 "expected": "20/20 (100.0%) foreground pixels correct"
}
{
 "command": "close-test",
 "generated": "20/20 (100.0%) foreground pixels correct",
 "status": {
  "enum": "correct",
  "human": "Alle testen geslaagd"
 }
}
{
 "command": "close-testcase"
}
{
 "command": "close-context"
}
{
 "command": "close-tab"
}
{
 "command": "close-judgement"
}