{
 "command": "start-judgement"
}
{
 "command": "start-tab",
 "title": "Afbeeldingen vergelijken"
}
{
 "command": "start-context"
}
{
 "command": "start-testcase",
 "description": {
  "description": "",
  "format": "python"
 }
}
{
 "command": "start-test",
 "description": {
  "description": "<div style=\"display:inline-block;width:50%;\"> <p style=\"padding:10px\">Indiening:</p> <img alt=\"submission result\" style=\"width:98%;background-color:#fff\" src=\"data:image/svg+xml;base64,PHN2ZyBiYXNlUHJvZmlsZT0iZnVsbCIgaGVpZ2h0PSIxMDBweCIgdmVyc2lvbj0iMS4xIiB3aWR0aD0iMTAwcHgiIHhtbG5zPSJodHRwOi8vd3d3LnczLm9yZy8yMDAwL3N2ZyIgeG1sbnM6ZXY9Imh0dHA6Ly93d3cudzMub3JnLzIwMDEveG1sLWV2ZW50cyIgeG1sbnM6eGxpbms9Imh0dHA6Ly93d3cudzMub3JnLzE5OTkveGxpbmsiPjxkZWZzPjxjbGlwUGF0aCBpZD0iYm9yZGVyX2NsaXAiPjxyZWN0IGhlaWdodD0iMTAwIiB3aWR0aD0iMTAwIiB4PSIwIiB5PSIwIiAvPjwvY2xpcFBhdGg+PC9kZWZzPjxyZWN0IGZpbGw9IiMwMDAwZmYiIGhlaWdodD0iMTAwJSIgd2lkdGg9IjEwMCUiIHg9IjAiIHk9IjAiIC8+PC9zdmc+\" /> </div> <div style=\"display:inline-block;float:right;width:50%;\"> <p style=\"padding:10px\">Oplossing:</p> <img alt=\"solution result\" style=\"width:98%;background-color:#fff\" src=\"data:image/svg+xml;base64,PHN2ZyBiYXNlUHJvZmlsZT0iZnVsbCIgaGVpZ2h0PSIxMDBweCIgdmVyc2lvbj0iMS4xIiB3aWR0aD0iMTAwcHgiIHhtbG5zPSJodHRwOi8vd3d3LnczLm9yZy8yMDAwL3N2ZyIgeG1sbnM6ZXY9Imh0dHA6Ly93d3cudzMub3JnLzIwMDEveG1sLWV2ZW50cyIgeG1sbnM6eGxpbms9Imh0dHA6Ly93d3cudzMub3JnLzE5OTkveGxpbmsiPjxkZWZzPjxjbGlwUGF0aCBpZD0iYm9yZGVyX2NsaXAiPjxyZWN0IGhlaWdodD0iMTAwIiB3aWR0aD0iMTAwIiB4PSIwIiB5PSIwIiAvPjwvY2xpcFBhdGg+PC9kZWZzPjxyZWN0IGZpbGw9IiMwMDgwMDAiIGhlaWdodD0iMTAwJSIgd2lkdGg9IjEwMCUiIHg9IjAiIHk9IjAiIC8+PC9zdmc+\" /> </div>",
  "format": "html"
 },
 "expected": "10000/10000 (100.0%) zichtbare pixels correct"
}
{
 "command": "close-test",
 "generated": "0/10000 (0.0%) zichtbare pixels correct",
 "status": {
  "enum": "wrong",
  "human": "Test gefaald"
 }
}
{
 "command": "close-testcase"
}
{
 "command": "close-context"
}
{
 "command": "close-tab"
}
{
 "command": "close-judgement"
}