{
 "command": "start-judgement"
}
{
 "command": "append-message",
 "message": {
  "description": "Could not find solution file: '<exercise_path>/evaluation/./solution.py'.",
  "format": "text",
  "permission": "staff"
 }
}
{
 "accepted": false,
 "command": "close-judgement",
 "status": {
  "enum": "runtime error",
  "human": "Gecrasht bij testen"
 }
}